RUN late_strong/static ...
  EV=5.1628 PnL=117072.92 trades=18 DD=0.0665
RUN late_strong/trail_3_2 ...
  EV=4.533 PnL=82868.41 trades=16 DD=0.0593
RUN late_strong/trail_4_2 ...
  EV=2.0549 PnL=75268.26 trades=18 DD=0.0669
RUN mid_weak/static ...
  EV=2.1402 PnL=78110.11 trades=21 DD=0.1119
RUN mid_weak/trail_3_2 ...
  EV=0.9386 PnL=41531.95 trades=23 DD=0.0696
RUN mid_weak/trail_4_2 ...
  EV=1.0341 PnL=49012.61 trades=20 DD=0.0696
RUN old_thin/static ...
  EV=0.5911 PnL=39667.96 trades=22 DD=0.1001
RUN old_thin/trail_3_2 ...
  EV=0.0661 PnL=9442.77 trades=24 DD=0.1101
RUN old_thin/trail_4_2 ...
  EV=0.3435 PnL=27259.08 trades=23 DD=0.1001

AGGREGATE: {
  "static": {
    "ev_sum": 7.8941,
    "pnl_sum": 234850.99
  },
  "trail_3_2": {
    "ev_sum": 5.5377,
    "pnl_sum": 133843.13,
    "ev_delta_vs_static": -2.3564
  },
  "trail_4_2": {
    "ev_sum": 3.4325,
    "pnl_sum": 151539.95,
    "ev_delta_vs_static": -4.4616
  }
}
DONE -> D:\Github\ginger\data\experiments\exp-20260623-020\static_vs_trailing.json
