2026-06-22 02:06:14,947 | 27524 | 13612 | [open_context_base.py:428] _connect_sync: Start connect: self=1184362293008 ret=0 conn=1
2026-06-22 02:06:14,948 | 27524 | 21300 | [open_context_base.py:172] on_connect: on_connect: self=1184362293008 self.conn_id=1 self.status=CONNECTING conn=1 err=ConnectErr.Ok
2026-06-22 02:06:14,948 | 27524 | 13612 | [open_context_base.py:431] _connect_sync: Connected : conn=1; 
2026-06-22 02:06:14,948 | 27524 | 13612 | [open_context_base.py:344] _query_sync: Send: conn=0(1) proto=1001 sn=9175
2026-06-22 02:06:14,948 | 27524 | 21300 | [open_context_base.py:567] _handle_recv: Recv: conn=0(1) proto=1001 sn=9175 err=Ok
2026-06-22 02:06:14,949 | 27524 | 13612 | [open_context_base.py:410] _init_connect_sync: New connect ready: conn=7474749583963343045(1) context=<moomoo.quote.open_quote_context.OpenQuoteContext object at 0x00000113C17E6710>
2026-06-22 02:06:14,949 | 27524 | 13612 | [open_context_base.py:145] close: call close: conn=7474749583963343045(1) reason=CloseReason.Close
2026-06-22 02:06:14,949 | 27524 | 21300 | [network_manager.py:356] _do_close: Close: conn=1 reason=CloseReason.Close msg=
2026-06-22 02:06:14,949 | 27524 | 21300 | [open_context_base.py:519] on_disconnect: Disconnected: conn=0(1) reason=CallClose
2026-06-22 02:06:26,374 | 29104 | 18700 | [open_context_base.py:428] _connect_sync: Start connect: self=1888549038352 ret=0 conn=1
2026-06-22 02:06:26,374 | 29104 | 20816 | [open_context_base.py:172] on_connect: on_connect: self=1888549038352 self.conn_id=1 self.status=CONNECTING conn=1 err=ConnectErr.Ok
2026-06-22 02:06:26,374 | 29104 | 18700 | [open_context_base.py:431] _connect_sync: Connected : conn=1; 
2026-06-22 02:06:26,374 | 29104 | 18700 | [open_context_base.py:344] _query_sync: Send: conn=0(1) proto=1001 sn=9187
2026-06-22 02:06:26,375 | 29104 | 20816 | [open_context_base.py:567] _handle_recv: Recv: conn=0(1) proto=1001 sn=9187 err=Ok
2026-06-22 02:06:26,375 | 29104 | 18700 | [open_context_base.py:410] _init_connect_sync: New connect ready: conn=7474749631888066047(1) context=<moomoo.quote.open_quote_context.OpenQuoteContext object at 0x000001B7B64B6910>
2026-06-22 02:06:26,375 | 29104 | 18700 | [open_context_base.py:290] sync_query_processor: Send: conn=7474749631888066047(1) proto=3248 sn=9188
2026-06-22 02:06:26,452 | 29104 | 20816 | [open_context_base.py:567] _handle_recv: Recv: conn=7474749631888066047(1) proto=3248 sn=9188 err=Ok
2026-06-22 02:06:26,455 | 29104 | 18700 | [open_context_base.py:145] close: call close: conn=7474749631888066047(1) reason=CloseReason.Close
2026-06-22 02:06:26,455 | 29104 | 20816 | [network_manager.py:356] _do_close: Close: conn=1 reason=CloseReason.Close msg=
2026-06-22 02:06:26,455 | 29104 | 20816 | [open_context_base.py:519] on_disconnect: Disconnected: conn=0(1) reason=CallClose
2026-06-22 02:11:50,822 | 13656 | 25180 | [open_context_base.py:428] _connect_sync: Start connect: self=1427860961360 ret=0 conn=1
2026-06-22 02:11:50,822 | 13656 | 5804 | [open_context_base.py:172] on_connect: on_connect: self=1427860961360 self.conn_id=1 self.status=CONNECTING conn=1 err=ConnectErr.Ok
2026-06-22 02:11:50,822 | 13656 | 25180 | [open_context_base.py:431] _connect_sync: Connected : conn=1; 
2026-06-22 02:11:50,822 | 13656 | 25180 | [open_context_base.py:344] _query_sync: Send: conn=0(1) proto=1001 sn=9511
2026-06-22 02:11:50,823 | 13656 | 5804 | [open_context_base.py:567] _handle_recv: Recv: conn=0(1) proto=1001 sn=9511 err=Ok
2026-06-22 02:11:50,823 | 13656 | 25180 | [open_context_base.py:410] _init_connect_sync: New connect ready: conn=7474750992720568257(1) context=<moomoo.quote.open_quote_context.OpenQuoteContext object at 0x0000014C73253850>
2026-06-22 02:11:50,823 | 13656 | 25180 | [open_context_base.py:290] sync_query_processor: Send: conn=7474750992720568257(1) proto=3248 sn=9512
2026-06-22 02:11:50,902 | 13656 | 5804 | [open_context_base.py:567] _handle_recv: Recv: conn=7474750992720568257(1) proto=3248 sn=9512 err=Ok
2026-06-22 02:11:51,958 | 13656 | 25180 | [open_context_base.py:290] sync_query_processor: Send: conn=7474750992720568257(1) proto=3248 sn=9513
2026-06-22 02:11:52,036 | 13656 | 5804 | [open_context_base.py:567] _handle_recv: Recv: conn=7474750992720568257(1) proto=3248 sn=9513 err=Ok
2026-06-22 02:11:53,090 | 13656 | 25180 | [open_context_base.py:290] sync_query_processor: Send: conn=7474750992720568257(1) proto=3248 sn=9514
2026-06-22 02:11:53,179 | 13656 | 5804 | [open_context_base.py:567] _handle_recv: Recv: conn=7474750992720568257(1) proto=3248 sn=9514 err=Ok
2026-06-22 02:11:54,232 | 13656 | 25180 | [open_context_base.py:290] sync_query_processor: Send: conn=7474750992720568257(1) proto=3248 sn=9515
2026-06-22 02:11:54,313 | 13656 | 5804 | [open_context_base.py:567] _handle_recv: Recv: conn=7474750992720568257(1) proto=3248 sn=9515 err=Ok
2026-06-22 02:11:55,367 | 13656 | 25180 | [open_context_base.py:290] sync_query_processor: Send: conn=7474750992720568257(1) proto=3248 sn=9516
2026-06-22 02:11:55,447 | 13656 | 5804 | [open_context_base.py:567] _handle_recv: Recv: conn=7474750992720568257(1) proto=3248 sn=9516 err=Ok
2026-06-22 02:11:56,500 | 13656 | 25180 | [open_context_base.py:290] sync_query_processor: Send: conn=7474750992720568257(1) proto=3248 sn=9517
2026-06-22 02:11:56,579 | 13656 | 5804 | [open_context_base.py:567] _handle_recv: Recv: conn=7474750992720568257(1) proto=3248 sn=9517 err=Ok
2026-06-22 02:11:57,633 | 13656 | 25180 | [open_context_base.py:290] sync_query_processor: Send: conn=7474750992720568257(1) proto=3248 sn=9518
2026-06-22 02:11:57,721 | 13656 | 5804 | [open_context_base.py:567] _handle_recv: Recv: conn=7474750992720568257(1) proto=3248 sn=9518 err=Ok
2026-06-22 02:11:58,774 | 13656 | 25180 | [open_context_base.py:290] sync_query_processor: Send: conn=7474750992720568257(1) proto=3248 sn=9519
2026-06-22 02:11:58,852 | 13656 | 5804 | [open_context_base.py:567] _handle_recv: Recv: conn=7474750992720568257(1) proto=3248 sn=9519 err=Ok
2026-06-22 02:11:59,075 | 13656 | 5804 | [open_context_base.py:388] _query_async: Send: conn=7474750992720568257(1) proto=1004 sn=9520
2026-06-22 02:11:59,075 | 13656 | 5804 | [open_context_base.py:567] _handle_recv: Recv: conn=7474750992720568257(1) proto=1004 sn=9520 err=Ok
2026-06-22 02:11:59,906 | 13656 | 25180 | [open_context_base.py:290] sync_query_processor: Send: conn=7474750992720568257(1) proto=3248 sn=9521
2026-06-22 02:11:59,990 | 13656 | 5804 | [open_context_base.py:567] _handle_recv: Recv: conn=7474750992720568257(1) proto=3248 sn=9521 err=Ok
2026-06-22 02:12:01,044 | 13656 | 25180 | [open_context_base.py:290] sync_query_processor: Send: conn=7474750992720568257(1) proto=3248 sn=9522
2026-06-22 02:12:01,125 | 13656 | 5804 | [open_context_base.py:567] _handle_recv: Recv: conn=7474750992720568257(1) proto=3248 sn=9522 err=Ok
2026-06-22 02:12:02,177 | 13656 | 25180 | [open_context_base.py:290] sync_query_processor: Send: conn=7474750992720568257(1) proto=3248 sn=9523
2026-06-22 02:12:02,256 | 13656 | 5804 | [open_context_base.py:567] _handle_recv: Recv: conn=7474750992720568257(1) proto=3248 sn=9523 err=Ok
2026-06-22 02:12:03,310 | 13656 | 25180 | [open_context_base.py:290] sync_query_processor: Send: conn=7474750992720568257(1) proto=3248 sn=9524
2026-06-22 02:12:03,391 | 13656 | 5804 | [open_context_base.py:567] _handle_recv: Recv: conn=7474750992720568257(1) proto=3248 sn=9524 err=Ok
2026-06-22 02:12:04,444 | 13656 | 25180 | [open_context_base.py:290] sync_query_processor: Send: conn=7474750992720568257(1) proto=3248 sn=9525
2026-06-22 02:12:04,521 | 13656 | 5804 | [open_context_base.py:567] _handle_recv: Recv: conn=7474750992720568257(1) proto=3248 sn=9525 err=Ok
2026-06-22 02:12:05,574 | 13656 | 25180 | [open_context_base.py:290] sync_query_processor: Send: conn=7474750992720568257(1) proto=3248 sn=9526
2026-06-22 02:12:05,650 | 13656 | 5804 | [open_context_base.py:567] _handle_recv: Recv: conn=7474750992720568257(1) proto=3248 sn=9526 err=Ok
2026-06-22 02:12:06,704 | 13656 | 25180 | [open_context_base.py:290] sync_query_processor: Send: conn=7474750992720568257(1) proto=3248 sn=9527
2026-06-22 02:12:06,784 | 13656 | 5804 | [open_context_base.py:567] _handle_recv: Recv: conn=7474750992720568257(1) proto=3248 sn=9527 err=Ok
2026-06-22 02:12:07,340 | 13656 | 5804 | [open_context_base.py:388] _query_async: Send: conn=7474750992720568257(1) proto=1004 sn=9528
2026-06-22 02:12:07,340 | 13656 | 5804 | [open_context_base.py:567] _handle_recv: Recv: conn=7474750992720568257(1) proto=1004 sn=9528 err=Ok
2026-06-22 02:12:07,838 | 13656 | 25180 | [open_context_base.py:290] sync_query_processor: Send: conn=7474750992720568257(1) proto=3248 sn=9529
2026-06-22 02:12:07,929 | 13656 | 5804 | [open_context_base.py:567] _handle_recv: Recv: conn=7474750992720568257(1) proto=3248 sn=9529 err=Ok
2026-06-22 02:12:08,982 | 13656 | 25180 | [open_context_base.py:290] sync_query_processor: Send: conn=7474750992720568257(1) proto=3248 sn=9530
2026-06-22 02:12:09,062 | 13656 | 5804 | [open_context_base.py:567] _handle_recv: Recv: conn=7474750992720568257(1) proto=3248 sn=9530 err=Ok
2026-06-22 02:12:10,115 | 13656 | 25180 | [open_context_base.py:290] sync_query_processor: Send: conn=7474750992720568257(1) proto=3248 sn=9531
2026-06-22 02:12:10,195 | 13656 | 5804 | [open_context_base.py:567] _handle_recv: Recv: conn=7474750992720568257(1) proto=3248 sn=9531 err=Ok
2026-06-22 02:12:11,250 | 13656 | 25180 | [open_context_base.py:290] sync_query_processor: Send: conn=7474750992720568257(1) proto=3248 sn=9532
2026-06-22 02:12:11,332 | 13656 | 5804 | [open_context_base.py:567] _handle_recv: Recv: conn=7474750992720568257(1) proto=3248 sn=9532 err=Ok
2026-06-22 02:12:12,385 | 13656 | 25180 | [open_context_base.py:290] sync_query_processor: Send: conn=7474750992720568257(1) proto=3248 sn=9533
2026-06-22 02:12:12,463 | 13656 | 5804 | [open_context_base.py:567] _handle_recv: Recv: conn=7474750992720568257(1) proto=3248 sn=9533 err=Ok
2026-06-22 02:12:13,516 | 13656 | 25180 | [open_context_base.py:290] sync_query_processor: Send: conn=7474750992720568257(1) proto=3248 sn=9534
2026-06-22 02:12:13,595 | 13656 | 5804 | [open_context_base.py:567] _handle_recv: Recv: conn=7474750992720568257(1) proto=3248 sn=9534 err=Ok
2026-06-22 02:12:14,650 | 13656 | 25180 | [open_context_base.py:290] sync_query_processor: Send: conn=7474750992720568257(1) proto=3248 sn=9535
2026-06-22 02:12:14,728 | 13656 | 5804 | [open_context_base.py:567] _handle_recv: Recv: conn=7474750992720568257(1) proto=3248 sn=9535 err=Ok
2026-06-22 02:12:15,609 | 13656 | 5804 | [open_context_base.py:388] _query_async: Send: conn=7474750992720568257(1) proto=1004 sn=9536
2026-06-22 02:12:15,609 | 13656 | 5804 | [open_context_base.py:567] _handle_recv: Recv: conn=7474750992720568257(1) proto=1004 sn=9536 err=Ok
2026-06-22 02:12:15,781 | 13656 | 25180 | [open_context_base.py:290] sync_query_processor: Send: conn=7474750992720568257(1) proto=3248 sn=9537
2026-06-22 02:12:15,858 | 13656 | 5804 | [open_context_base.py:567] _handle_recv: Recv: conn=7474750992720568257(1) proto=3248 sn=9537 err=Ok
2026-06-22 02:12:16,912 | 13656 | 25180 | [open_context_base.py:290] sync_query_processor: Send: conn=7474750992720568257(1) proto=3248 sn=9538
2026-06-22 02:12:16,991 | 13656 | 5804 | [open_context_base.py:567] _handle_recv: Recv: conn=7474750992720568257(1) proto=3248 sn=9538 err=Ok
2026-06-22 02:12:18,044 | 13656 | 25180 | [open_context_base.py:290] sync_query_processor: Send: conn=7474750992720568257(1) proto=3248 sn=9539
2026-06-22 02:12:18,122 | 13656 | 5804 | [open_context_base.py:567] _handle_recv: Recv: conn=7474750992720568257(1) proto=3248 sn=9539 err=Ok
2026-06-22 02:12:19,176 | 13656 | 25180 | [open_context_base.py:290] sync_query_processor: Send: conn=7474750992720568257(1) proto=3248 sn=9540
2026-06-22 02:12:19,255 | 13656 | 5804 | [open_context_base.py:567] _handle_recv: Recv: conn=7474750992720568257(1) proto=3248 sn=9540 err=Ok
2026-06-22 02:12:20,308 | 13656 | 25180 | [open_context_base.py:290] sync_query_processor: Send: conn=7474750992720568257(1) proto=3248 sn=9541
2026-06-22 02:12:20,388 | 13656 | 5804 | [open_context_base.py:567] _handle_recv: Recv: conn=7474750992720568257(1) proto=3248 sn=9541 err=Ok
2026-06-22 02:12:21,442 | 13656 | 25180 | [open_context_base.py:290] sync_query_processor: Send: conn=7474750992720568257(1) proto=3248 sn=9542
2026-06-22 02:12:21,520 | 13656 | 5804 | [open_context_base.py:567] _handle_recv: Recv: conn=7474750992720568257(1) proto=3248 sn=9542 err=Ok
2026-06-22 02:12:22,573 | 13656 | 25180 | [open_context_base.py:290] sync_query_processor: Send: conn=7474750992720568257(1) proto=3248 sn=9543
2026-06-22 02:12:22,651 | 13656 | 5804 | [open_context_base.py:567] _handle_recv: Recv: conn=7474750992720568257(1) proto=3248 sn=9543 err=Ok
2026-06-22 02:12:23,704 | 13656 | 25180 | [open_context_base.py:290] sync_query_processor: Send: conn=7474750992720568257(1) proto=3248 sn=9544
2026-06-22 02:12:23,785 | 13656 | 5804 | [open_context_base.py:567] _handle_recv: Recv: conn=7474750992720568257(1) proto=3248 sn=9544 err=Ok
2026-06-22 02:12:23,786 | 13656 | 5804 | [open_context_base.py:388] _query_async: Send: conn=7474750992720568257(1) proto=1004 sn=9545
2026-06-22 02:12:23,789 | 13656 | 5804 | [open_context_base.py:567] _handle_recv: Recv: conn=7474750992720568257(1) proto=1004 sn=9545 err=Ok
2026-06-22 02:12:24,839 | 13656 | 25180 | [open_context_base.py:290] sync_query_processor: Send: conn=7474750992720568257(1) proto=3248 sn=9546
2026-06-22 02:12:24,920 | 13656 | 5804 | [open_context_base.py:567] _handle_recv: Recv: conn=7474750992720568257(1) proto=3248 sn=9546 err=Ok
2026-06-22 02:12:25,973 | 13656 | 25180 | [open_context_base.py:290] sync_query_processor: Send: conn=7474750992720568257(1) proto=3248 sn=9547
2026-06-22 02:12:26,050 | 13656 | 5804 | [open_context_base.py:567] _handle_recv: Recv: conn=7474750992720568257(1) proto=3248 sn=9547 err=Ok
2026-06-22 02:12:27,104 | 13656 | 25180 | [open_context_base.py:290] sync_query_processor: Send: conn=7474750992720568257(1) proto=3248 sn=9548
2026-06-22 02:12:27,183 | 13656 | 5804 | [open_context_base.py:567] _handle_recv: Recv: conn=7474750992720568257(1) proto=3248 sn=9548 err=Ok
2026-06-22 02:12:28,237 | 13656 | 25180 | [open_context_base.py:290] sync_query_processor: Send: conn=7474750992720568257(1) proto=3248 sn=9549
2026-06-22 02:12:28,315 | 13656 | 5804 | [open_context_base.py:567] _handle_recv: Recv: conn=7474750992720568257(1) proto=3248 sn=9549 err=Ok
2026-06-22 02:12:29,368 | 13656 | 25180 | [open_context_base.py:290] sync_query_processor: Send: conn=7474750992720568257(1) proto=3248 sn=9550
2026-06-22 02:12:29,448 | 13656 | 5804 | [open_context_base.py:567] _handle_recv: Recv: conn=7474750992720568257(1) proto=3248 sn=9550 err=Ok
2026-06-22 02:12:30,501 | 13656 | 25180 | [open_context_base.py:290] sync_query_processor: Send: conn=7474750992720568257(1) proto=3248 sn=9551
2026-06-22 02:12:30,582 | 13656 | 5804 | [open_context_base.py:567] _handle_recv: Recv: conn=7474750992720568257(1) proto=3248 sn=9551 err=Ok
2026-06-22 02:12:31,635 | 13656 | 25180 | [open_context_base.py:290] sync_query_processor: Send: conn=7474750992720568257(1) proto=3248 sn=9552
2026-06-22 02:12:31,715 | 13656 | 5804 | [open_context_base.py:567] _handle_recv: Recv: conn=7474750992720568257(1) proto=3248 sn=9552 err=Ok
2026-06-22 02:12:32,048 | 13656 | 5804 | [open_context_base.py:388] _query_async: Send: conn=7474750992720568257(1) proto=1004 sn=9553
2026-06-22 02:12:32,048 | 13656 | 5804 | [open_context_base.py:567] _handle_recv: Recv: conn=7474750992720568257(1) proto=1004 sn=9553 err=Ok
2026-06-22 02:12:32,769 | 13656 | 25180 | [open_context_base.py:290] sync_query_processor: Send: conn=7474750992720568257(1) proto=3248 sn=9554
2026-06-22 02:12:32,848 | 13656 | 5804 | [open_context_base.py:567] _handle_recv: Recv: conn=7474750992720568257(1) proto=3248 sn=9554 err=Ok
2026-06-22 02:12:33,902 | 13656 | 25180 | [open_context_base.py:290] sync_query_processor: Send: conn=7474750992720568257(1) proto=3248 sn=9555
2026-06-22 02:12:33,982 | 13656 | 5804 | [open_context_base.py:567] _handle_recv: Recv: conn=7474750992720568257(1) proto=3248 sn=9555 err=Ok
2026-06-22 02:12:35,035 | 13656 | 25180 | [open_context_base.py:290] sync_query_processor: Send: conn=7474750992720568257(1) proto=3248 sn=9556
2026-06-22 02:12:35,114 | 13656 | 5804 | [open_context_base.py:567] _handle_recv: Recv: conn=7474750992720568257(1) proto=3248 sn=9556 err=Ok
2026-06-22 02:12:36,167 | 13656 | 25180 | [open_context_base.py:290] sync_query_processor: Send: conn=7474750992720568257(1) proto=3248 sn=9557
2026-06-22 02:12:36,244 | 13656 | 5804 | [open_context_base.py:567] _handle_recv: Recv: conn=7474750992720568257(1) proto=3248 sn=9557 err=Ok
2026-06-22 02:12:37,297 | 13656 | 25180 | [open_context_base.py:290] sync_query_processor: Send: conn=7474750992720568257(1) proto=3248 sn=9558
2026-06-22 02:12:37,377 | 13656 | 5804 | [open_context_base.py:567] _handle_recv: Recv: conn=7474750992720568257(1) proto=3248 sn=9558 err=Ok
2026-06-22 02:12:38,430 | 13656 | 25180 | [open_context_base.py:290] sync_query_processor: Send: conn=7474750992720568257(1) proto=3248 sn=9559
2026-06-22 02:12:38,510 | 13656 | 5804 | [open_context_base.py:567] _handle_recv: Recv: conn=7474750992720568257(1) proto=3248 sn=9559 err=Ok
2026-06-22 02:12:39,564 | 13656 | 25180 | [open_context_base.py:290] sync_query_processor: Send: conn=7474750992720568257(1) proto=3248 sn=9560
2026-06-22 02:12:39,642 | 13656 | 5804 | [open_context_base.py:567] _handle_recv: Recv: conn=7474750992720568257(1) proto=3248 sn=9560 err=Ok
2026-06-22 02:12:40,301 | 13656 | 5804 | [open_context_base.py:388] _query_async: Send: conn=7474750992720568257(1) proto=1004 sn=9561
2026-06-22 02:12:40,301 | 13656 | 5804 | [open_context_base.py:567] _handle_recv: Recv: conn=7474750992720568257(1) proto=1004 sn=9561 err=Ok
2026-06-22 02:12:40,695 | 13656 | 25180 | [open_context_base.py:290] sync_query_processor: Send: conn=7474750992720568257(1) proto=3248 sn=9562
2026-06-22 02:12:40,773 | 13656 | 5804 | [open_context_base.py:567] _handle_recv: Recv: conn=7474750992720568257(1) proto=3248 sn=9562 err=Ok
2026-06-22 02:12:41,828 | 13656 | 25180 | [open_context_base.py:145] close: call close: conn=7474750992720568257(1) reason=CloseReason.Close
2026-06-22 02:12:41,828 | 13656 | 5804 | [network_manager.py:356] _do_close: Close: conn=1 reason=CloseReason.Close msg=
2026-06-22 02:12:41,829 | 13656 | 5804 | [open_context_base.py:519] on_disconnect: Disconnected: conn=0(1) reason=CallClose
