[late_strong] core baseline ...
MUU: No earnings dates found, symbol may be delisted
SPCX: No earnings dates found, symbol may be delisted
Position capped: 189 ¡ú 177 shares (50% portfolio cap, tight stop)
Position capped: 955 ¡ú 809 shares (57% portfolio cap, tight stop)
Position capped: 194 ¡ú 165 shares (57% portfolio cap, tight stop)
Position capped: 562 ¡ú 384 shares (50% portfolio cap, tight stop)
Position capped: 594 ¡ú 500 shares (50% portfolio cap, tight stop)
Position capped: 326 ¡ú 251 shares (52% portfolio cap, tight stop)
Position capped: 496 ¡ú 471 shares (52% portfolio cap, tight stop)
[late_strong] coownership peer-shock replay ...
[late_strong] rolling_corr peer-shock replay ...
[mid_weak] core baseline ...
MUU: No earnings dates found, symbol may be delisted
SPCX: No earnings dates found, symbol may be delisted
Position capped: 1590 ¡ú 1582 shares (50% portfolio cap, tight stop)
Position capped: 124 ¡ú 87 shares (55% portfolio cap, tight stop)
Position capped: 369 ¡ú 319 shares (52% portfolio cap, tight stop)
Position capped: 283 ¡ú 250 shares (57% portfolio cap, tight stop)
Position capped: 1854 ¡ú 1221 shares (57% portfolio cap, tight stop)
Position capped: 311 ¡ú 253 shares (57% portfolio cap, tight stop)
[mid_weak] coownership peer-shock replay ...
[mid_weak] rolling_corr peer-shock replay ...
[old_thin] core baseline ...
MUU: No earnings dates found, symbol may be delisted
SPCX: No earnings dates found, symbol may be delisted
Position capped: 361 ¡ú 255 shares (55% portfolio cap, tight stop)
Position capped: 421 ¡ú 290 shares (52% portfolio cap, tight stop)
Position capped: 336 ¡ú 263 shares (50% portfolio cap, tight stop)
Position capped: 72 ¡ú 70 shares (40% portfolio cap, tight stop)
Position capped: 310 ¡ú 218 shares (50% portfolio cap, tight stop)
Position capped: 189 ¡ú 170 shares (40% portfolio cap, tight stop)
Position capped: 203 ¡ú 163 shares (40% portfolio cap, tight stop)
Position capped: 126 ¡ú 111 shares (50% portfolio cap, tight stop)
Position capped: 285 ¡ú 281 shares (52% portfolio cap, tight stop)
Position capped: 411 ¡ú 294 shares (57% portfolio cap, tight stop)
Position capped: 132 ¡ú 94 shares (40% portfolio cap, tight stop)
Position capped: 3132 ¡ú 2414 shares (52% portfolio cap, tight stop)
Position capped: 334 ¡ú 243 shares (52% portfolio cap, tight stop)
Position capped: 390 ¡ú 214 shares (55% portfolio cap, tight stop)
[old_thin] coownership peer-shock replay ...
[old_thin] rolling_corr peer-shock replay ...
{
  "decision": "reject",
  "aggregate": {
    "coownership": {
      "aggregate_overlay_pnl": -2194.38,
      "aggregate_ev_delta": -0.178,
      "total_trade_count": 33,
      "economics_all_windows": {
        "trade_count": 33,
        "net_pnl": -2194.38,
        "win_rate": 0.4242,
        "avg_pnl_per_trade": -66.5,
        "unique_tickers": 29,
        "single_ticker_positive_share": 0.3129,
        "positive_pnl_hhi": 0.1772
      }
    },
    "rolling_corr": {
      "aggregate_overlay_pnl": 5745.7,
      "aggregate_ev_delta": 0.3683,
      "total_trade_count": 48,
      "economics_all_windows": {
        "trade_count": 48,
        "net_pnl": 5745.7,
        "win_rate": 0.625,
        "avg_pnl_per_trade": 119.7,
        "unique_tickers": 44,
        "single_ticker_positive_share": 0.1272,
        "positive_pnl_hhi": 0.0601
      }
    }
  },
  "incremental_vs_rolling_corr": {
    "coownership_minus_rolling_corr_overlay_pnl": -7940.08,
    "coownership_minus_rolling_corr_ev_delta": -0.5463
  },
  "out": "D:\\Github\\ginger\\data\\experiments\\exp-20260622-006\\coownership_vs_rolling_corr_peer_shock.json"
}
