=== backfill start Sat Jun 13 23:28:26 UTC 2026 | start=2024-08-01 end=2026-06-13 | tickers=1229 ===
--- [1/3] companyfacts (breadth fill, no --refresh) Sat Jun 13 23:28:26 UTC 2026 ---
{
  "rows_written": 455461,
  "tickers_requested": 1229,
  "tickers_with_cik": 1229,
  "missing_cik": [],
  "error_count": 2,
  "row_counts_by_canonical": {
    "assets": 25546,
    "capex": 17799,
    "cost_of_revenue": 22091,
    "eps_basic": 36177,
    "eps_diluted": 36109,
    "equity": 59847,
    "gross_profit": 16014,
    "inventory": 13644,
    "liabilities": 19315,
    "net_income": 61290,
    "operating_cash_flow": 26271,
    "operating_income": 29407,
    "receivables": 17206,
    "revenue": 39171,
    "shares_diluted": 35574
  },
  "output": "data/experiments/exp-20260613-023/backfill_companyfacts_rows.jsonl"
}
companyfacts exit=2 Sat Jun 13 23:29:15 UTC 2026
--- [2/3] form4 (broad, CIK map fixed) Sat Jun 13 23:29:15 UTC 2026 ---
{
  "rows_written": 312825,
  "filings_seen": 126097,
  "documents_fetched_or_read": 126097,
  "open_market_purchase_count": 3901,
  "error_count": 0,
  "output_path": "data/experiments/exp-20260613-023/backfill_form4_rows.jsonl",
  "summary_output": "data/experiments/exp-20260613-023/backfill_form4_summary.json"
}
form4 exit=0 Sun Jun 14 08:37:45 UTC 2026
--- [3/3] sec_filing (broad) Sun Jun 14 08:37:45 UTC 2026 ---
{
  "error_count": 0,
  "output_path": "data/experiments/exp-20260613-023/backfill_sec_filing_rows.jsonl",
  "pit_safe_rows": 34160,
  "row_counts_by_form": {
    "10-K": 2172,
    "10-K/A": 85,
    "10-Q": 6206,
    "10-Q/A": 31,
    "8-K": 25191,
    "8-K/A": 475
  },
  "rows_written": 34160,
  "submission_chunks_read": 44,
  "summary_output": "data/experiments/exp-20260613-023/backfill_sec_filing_summary.json"
}
sec_filing exit=0 Sun Jun 14 08:38:13 UTC 2026
=== backfill done Sun Jun 14 08:38:14 UTC 2026 ===
