=== cf_refresh queued Sun Jun 14 00:28:08 UTC 2026; waiting for backfill done marker ===
backfill done detected at Sun Jun 14 08:39:08 UTC 2026; starting refresh
--- companyfacts --refresh (all 1229, latest) Sun Jun 14 08:39:08 UTC 2026 ---
{
  "rows_written": 456503,
  "tickers_requested": 1229,
  "tickers_with_cik": 1229,
  "missing_cik": [],
  "error_count": 2,
  "row_counts_by_canonical": {
    "assets": 25609,
    "capex": 17848,
    "cost_of_revenue": 22158,
    "eps_basic": 36248,
    "eps_diluted": 36180,
    "equity": 59992,
    "gross_profit": 16070,
    "inventory": 13691,
    "liabilities": 19361,
    "net_income": 61400,
    "operating_cash_flow": 26328,
    "operating_income": 29476,
    "receivables": 17258,
    "revenue": 39242,
    "shares_diluted": 35642
  },
  "output": "data/experiments/exp-20260613-023/refresh_companyfacts_rows.jsonl"
}
companyfacts --refresh exit=2 Sun Jun 14 08:50:23 UTC 2026
=== cf_refresh done Sun Jun 14 08:50:23 UTC 2026 ===
