2026-07-02 08:14:35,039 | 8132 | 17308 | [open_context_base.py:428] _connect_sync: Start connect: self=2563048571600 ret=0 conn=1
2026-07-02 08:14:35,039 | 8132 | 27548 | [open_context_base.py:172] on_connect: on_connect: self=2563048571600 self.conn_id=1 self.status=CONNECTING conn=1 err=ConnectErr.Ok
2026-07-02 08:14:35,039 | 8132 | 17308 | [open_context_base.py:431] _connect_sync: Connected : conn=1; 
2026-07-02 08:14:35,039 | 8132 | 17308 | [open_context_base.py:344] _query_sync: Send: conn=0(1) proto=1001 sn=5275
2026-07-02 08:14:35,040 | 8132 | 27548 | [open_context_base.py:567] _handle_recv: Recv: conn=0(1) proto=1001 sn=5275 err=Ok
2026-07-02 08:14:35,040 | 8132 | 17308 | [open_context_base.py:410] _init_connect_sync: New connect ready: conn=7478466157117523416(1) context=<moomoo.quote.open_quote_context.OpenQuoteContext object at 0x00000254C19982D0>
2026-07-02 08:14:35,041 | 8132 | 17308 | [open_context_base.py:290] sync_query_processor: Send: conn=7478466157117523416(1) proto=3211 sn=5276
2026-07-02 08:14:35,042 | 8132 | 27548 | [open_context_base.py:567] _handle_recv: Recv: conn=7478466157117523416(1) proto=3211 sn=5276 err=Ok
2026-07-02 08:14:35,044 | 8132 | 17308 | [open_context_base.py:290] sync_query_processor: Send: conn=7478466157117523416(1) proto=3211 sn=5277
2026-07-02 08:14:35,695 | 8132 | 27548 | [open_context_base.py:567] _handle_recv: Recv: conn=7478466157117523416(1) proto=3211 sn=5277 err=Ok
2026-07-02 08:14:35,695 | 8132 | 17308 | [open_context_base.py:290] sync_query_processor: Send: conn=7478466157117523416(1) proto=3211 sn=5278
2026-07-02 08:14:36,356 | 8132 | 27548 | [open_context_base.py:567] _handle_recv: Recv: conn=7478466157117523416(1) proto=3211 sn=5278 err=Ok
2026-07-02 08:14:36,359 | 8132 | 17308 | [open_context_base.py:290] sync_query_processor: Send: conn=7478466157117523416(1) proto=3211 sn=5279
2026-07-02 08:14:36,692 | 8132 | 27548 | [open_context_base.py:567] _handle_recv: Recv: conn=7478466157117523416(1) proto=3211 sn=5279 err=Ok
2026-07-02 08:14:36,693 | 8132 | 17308 | [open_context_base.py:290] sync_query_processor: Send: conn=7478466157117523416(1) proto=3211 sn=5280
2026-07-02 08:14:36,694 | 8132 | 27548 | [open_context_base.py:567] _handle_recv: Recv: conn=7478466157117523416(1) proto=3211 sn=5280 err=Ok
2026-07-02 08:14:36,695 | 8132 | 17308 | [open_context_base.py:290] sync_query_processor: Send: conn=7478466157117523416(1) proto=3211 sn=5281
2026-07-02 08:14:37,118 | 8132 | 27548 | [open_context_base.py:567] _handle_recv: Recv: conn=7478466157117523416(1) proto=3211 sn=5281 err=Ok
2026-07-02 08:14:37,120 | 8132 | 17308 | [open_context_base.py:290] sync_query_processor: Send: conn=7478466157117523416(1) proto=3211 sn=5282
2026-07-02 08:14:37,526 | 8132 | 27548 | [open_context_base.py:567] _handle_recv: Recv: conn=7478466157117523416(1) proto=3211 sn=5282 err=Ok
2026-07-02 08:14:37,526 | 8132 | 17308 | [open_context_base.py:290] sync_query_processor: Send: conn=7478466157117523416(1) proto=3211 sn=5283
2026-07-02 08:14:37,852 | 8132 | 27548 | [open_context_base.py:567] _handle_recv: Recv: conn=7478466157117523416(1) proto=3211 sn=5283 err=Ok
2026-07-02 08:14:37,868 | 8132 | 17308 | [open_context_base.py:290] sync_query_processor: Send: conn=7478466157117523416(1) proto=3211 sn=5284
2026-07-02 08:14:37,868 | 8132 | 27548 | [open_context_base.py:567] _handle_recv: Recv: conn=7478466157117523416(1) proto=3211 sn=5284 err=Ok
2026-07-02 08:14:37,868 | 8132 | 17308 | [open_context_base.py:290] sync_query_processor: Send: conn=7478466157117523416(1) proto=3211 sn=5285
2026-07-02 08:14:38,273 | 8132 | 27548 | [open_context_base.py:567] _handle_recv: Recv: conn=7478466157117523416(1) proto=3211 sn=5285 err=Ok
2026-07-02 08:14:38,273 | 8132 | 17308 | [open_context_base.py:290] sync_query_processor: Send: conn=7478466157117523416(1) proto=3211 sn=5286
2026-07-02 08:14:38,691 | 8132 | 27548 | [open_context_base.py:567] _handle_recv: Recv: conn=7478466157117523416(1) proto=3211 sn=5286 err=Ok
2026-07-02 08:14:38,693 | 8132 | 17308 | [open_context_base.py:290] sync_query_processor: Send: conn=7478466157117523416(1) proto=3211 sn=5287
2026-07-02 08:14:39,024 | 8132 | 27548 | [open_context_base.py:567] _handle_recv: Recv: conn=7478466157117523416(1) proto=3211 sn=5287 err=Ok
2026-07-02 08:14:39,024 | 8132 | 17308 | [open_context_base.py:145] close: call close: conn=7478466157117523416(1) reason=CloseReason.Close
2026-07-02 08:14:39,024 | 8132 | 27548 | [network_manager.py:356] _do_close: Close: conn=1 reason=CloseReason.Close msg=
2026-07-02 08:14:39,024 | 8132 | 27548 | [open_context_base.py:519] on_disconnect: Disconnected: conn=0(1) reason=CallClose
2026-07-02 08:15:40,117 | 4372 | 26332 | [open_context_base.py:428] _connect_sync: Start connect: self=2462198268624 ret=0 conn=1
2026-07-02 08:15:40,117 | 4372 | 4228 | [open_context_base.py:172] on_connect: on_connect: self=2462198268624 self.conn_id=1 self.status=CONNECTING conn=1 err=ConnectErr.Ok
2026-07-02 08:15:40,117 | 4372 | 26332 | [open_context_base.py:431] _connect_sync: Connected : conn=1; 
2026-07-02 08:15:40,117 | 4372 | 26332 | [open_context_base.py:344] _query_sync: Send: conn=0(1) proto=1001 sn=5341
2026-07-02 08:15:40,117 | 4372 | 4228 | [open_context_base.py:567] _handle_recv: Recv: conn=0(1) proto=1001 sn=5341 err=Ok
2026-07-02 08:15:40,117 | 4372 | 26332 | [open_context_base.py:410] _init_connect_sync: New connect ready: conn=7478466430078016089(1) context=<moomoo.quote.open_quote_context.OpenQuoteContext object at 0x0000023D467402D0>
2026-07-02 08:15:40,117 | 4372 | 26332 | [open_context_base.py:290] sync_query_processor: Send: conn=7478466430078016089(1) proto=3211 sn=5342
2026-07-02 08:15:40,117 | 4372 | 4228 | [open_context_base.py:567] _handle_recv: Recv: conn=7478466430078016089(1) proto=3211 sn=5342 err=Ok
2026-07-02 08:15:40,117 | 4372 | 26332 | [open_context_base.py:290] sync_query_processor: Send: conn=7478466430078016089(1) proto=3211 sn=5343
2026-07-02 08:15:40,774 | 4372 | 4228 | [open_context_base.py:567] _handle_recv: Recv: conn=7478466430078016089(1) proto=3211 sn=5343 err=Ok
2026-07-02 08:15:40,774 | 4372 | 26332 | [open_context_base.py:290] sync_query_processor: Send: conn=7478466430078016089(1) proto=3211 sn=5344
2026-07-02 08:15:41,195 | 4372 | 4228 | [open_context_base.py:567] _handle_recv: Recv: conn=7478466430078016089(1) proto=3211 sn=5344 err=Ok
2026-07-02 08:15:41,195 | 4372 | 26332 | [open_context_base.py:290] sync_query_processor: Send: conn=7478466430078016089(1) proto=3211 sn=5345
2026-07-02 08:15:41,524 | 4372 | 4228 | [open_context_base.py:567] _handle_recv: Recv: conn=7478466430078016089(1) proto=3211 sn=5345 err=Ok
2026-07-02 08:15:41,524 | 4372 | 26332 | [open_context_base.py:290] sync_query_processor: Send: conn=7478466430078016089(1) proto=3211 sn=5346
2026-07-02 08:15:41,524 | 4372 | 4228 | [open_context_base.py:567] _handle_recv: Recv: conn=7478466430078016089(1) proto=3211 sn=5346 err=Ok
2026-07-02 08:15:41,524 | 4372 | 26332 | [open_context_base.py:290] sync_query_processor: Send: conn=7478466430078016089(1) proto=3211 sn=5347
2026-07-02 08:15:41,946 | 4372 | 4228 | [open_context_base.py:567] _handle_recv: Recv: conn=7478466430078016089(1) proto=3211 sn=5347 err=Ok
2026-07-02 08:15:41,946 | 4372 | 26332 | [open_context_base.py:290] sync_query_processor: Send: conn=7478466430078016089(1) proto=3211 sn=5348
2026-07-02 08:15:42,353 | 4372 | 4228 | [open_context_base.py:567] _handle_recv: Recv: conn=7478466430078016089(1) proto=3211 sn=5348 err=Ok
2026-07-02 08:15:42,353 | 4372 | 26332 | [open_context_base.py:290] sync_query_processor: Send: conn=7478466430078016089(1) proto=3211 sn=5349
2026-07-02 08:15:42,686 | 4372 | 4228 | [open_context_base.py:567] _handle_recv: Recv: conn=7478466430078016089(1) proto=3211 sn=5349 err=Ok
2026-07-02 08:15:42,688 | 4372 | 26332 | [open_context_base.py:290] sync_query_processor: Send: conn=7478466430078016089(1) proto=3211 sn=5350
2026-07-02 08:15:42,690 | 4372 | 4228 | [open_context_base.py:567] _handle_recv: Recv: conn=7478466430078016089(1) proto=3211 sn=5350 err=Ok
2026-07-02 08:15:42,691 | 4372 | 26332 | [open_context_base.py:290] sync_query_processor: Send: conn=7478466430078016089(1) proto=3211 sn=5351
2026-07-02 08:15:43,086 | 4372 | 4228 | [open_context_base.py:567] _handle_recv: Recv: conn=7478466430078016089(1) proto=3211 sn=5351 err=Ok
2026-07-02 08:15:43,102 | 4372 | 26332 | [open_context_base.py:290] sync_query_processor: Send: conn=7478466430078016089(1) proto=3211 sn=5352
2026-07-02 08:15:43,508 | 4372 | 4228 | [open_context_base.py:567] _handle_recv: Recv: conn=7478466430078016089(1) proto=3211 sn=5352 err=Ok
2026-07-02 08:15:43,508 | 4372 | 26332 | [open_context_base.py:290] sync_query_processor: Send: conn=7478466430078016089(1) proto=3211 sn=5353
2026-07-02 08:15:43,852 | 4372 | 4228 | [open_context_base.py:567] _handle_recv: Recv: conn=7478466430078016089(1) proto=3211 sn=5353 err=Ok
2026-07-02 08:15:43,852 | 4372 | 26332 | [open_context_base.py:145] close: call close: conn=7478466430078016089(1) reason=CloseReason.Close
2026-07-02 08:15:43,852 | 4372 | 4228 | [network_manager.py:356] _do_close: Close: conn=1 reason=CloseReason.Close msg=
2026-07-02 08:15:43,852 | 4372 | 4228 | [open_context_base.py:519] on_disconnect: Disconnected: conn=0(1) reason=CallClose
